app = "myapp"
primary_region = "cdg"

[build]
  dockerfile = "Dockerfile"

[env]
  APP_ENV = "production"
  AUTH_SESSION_SECURE_COOKIE = "true"
  AGENT_PLACEMENT = "browser"
  AGENT_RUNTIME = "pi"
  BORING_UI_STATIC_DIR = "/app/dist/web"
  BUI_APP_TOML = "/app/boring.app.toml"
  CORS_ORIGINS = "https://myapp.fly.dev"
  WORKSPACE_BACKEND = "bwrap"

[http_service]
  internal_port = 8000
  force_https = true
  auto_start_machines = true
  auto_stop_machines = "off"
  min_machines_running = 1
  processes = ["app"]

  [[http_service.checks]]
    grace_period = "10s"
    interval = "15s"
    method = "GET"
    timeout = "5s"
    path = "/health"

[vm]
  cpu_kind = "shared"
  cpus = 1
  memory = "512mb"
